/Users/vishal/Desktop/Engr1IT/T_8/IoT_8/Projects/B-U585I-IOT02A/Examples/BSP/Src/main.c:94:5:main	840	dynamic
/Users/vishal/Desktop/Engr1IT/T_8/IoT_8/Projects/B-U585I-IOT02A/Examples/BSP/Src/main.c:283:6:plot_single_time_series	32	static
/Users/vishal/Desktop/Engr1IT/T_8/IoT_8/Projects/B-U585I-IOT02A/Examples/BSP/Src/main.c:316:6:plot_dual_time_series	48	static
/Users/vishal/Desktop/Engr1IT/T_8/IoT_8/Projects/B-U585I-IOT02A/Examples/BSP/Src/main.c:365:6:plot_dual_time_series_compass	48	static
/Users/vishal/Desktop/Engr1IT/T_8/IoT_8/Projects/B-U585I-IOT02A/Examples/BSP/Src/main.c:414:6:plot_time_series_compass	32	static
/Users/vishal/Desktop/Engr1IT/T_8/IoT_8/Projects/B-U585I-IOT02A/Examples/BSP/Src/main.c:447:6:plot_time_series_header	32	static
/Users/vishal/Desktop/Engr1IT/T_8/IoT_8/Projects/B-U585I-IOT02A/Examples/BSP/Src/main.c:468:6:second_time_mark	16	static
/Users/vishal/Desktop/Engr1IT/T_8/IoT_8/Projects/B-U585I-IOT02A/Examples/BSP/Src/main.c:501:6:SystemClock_Config	136	static
/Users/vishal/Desktop/Engr1IT/T_8/IoT_8/Projects/B-U585I-IOT02A/Examples/BSP/Src/main.c:555:13:CACHE_Enable	8	static
/Users/vishal/Desktop/Engr1IT/T_8/IoT_8/Projects/B-U585I-IOT02A/Examples/BSP/Src/main.c:569:6:Error_Handler	8	static
/Users/vishal/Desktop/Engr1IT/T_8/IoT_8/Projects/B-U585I-IOT02A/Examples/BSP/Src/main.c:584:10:CheckResult	8	static
/Users/vishal/Desktop/Engr1IT/T_8/IoT_8/Projects/B-U585I-IOT02A/Examples/BSP/Src/main.c:616:6:BSP_PB_Callback	16	static
